// Jest Snapshot v1, https://goo.gl/fbAQLP

exports[`<LocationsList /> renders correctly 1`] = `
<ul
  className="locations__list tabs__list"
>
  <a
    className="locations__item-link tabs__item "
    href="#"
    onClick={[Function]}
  >
    <span>
      Cologne
    </span>
  </a>
  <a
    className="locations__item-link tabs__item "
    href="#"
    onClick={[Function]}
  >
    <span>
      Amsterdam
    </span>
  </a>
  <a
    className="locations__item-link tabs__item "
    href="#"
    onClick={[Function]}
  >
    <span>
      Paris
    </span>
  </a>
  <a
    className="locations__item-link tabs__item "
    href="#"
    onClick={[Function]}
  >
    <span>
      Hamburg
    </span>
  </a>
</ul>
`;
