// Jest Snapshot v1, https://goo.gl/fbAQLP

exports[`<Main /> renders correctly 1`] = `
<div
  className="offers"
>
  <h1
    className="offers__title"
  >
    Предложения аренды
  </h1>
  <ul>
    <li>
      <span>
        China
      </span>
       // 
      <span>
        Lushuihe
      </span>
    </li>
    <li>
      <span>
        Thailand
      </span>
       // 
      <span>
        Nong Ruea
      </span>
    </li>
  </ul>
</div>
`;
